[13/01/2026 06:04:08] [PING][trade=15] OK | user=hola socket=cM4ps3npTQIHadqDAAAF
[13/01/2026 06:05:08] [PING][trade=15] OK | user=hola socket=cM4ps3npTQIHadqDAAAF
[13/01/2026 06:05:10] [PING][trade=12] OK | user=hola socket=P6oyX42id3OpCUHmAAAH
[13/01/2026 06:06:08] [PING][trade=15] OK | user=hola socket=cM4ps3npTQIHadqDAAAF
[13/01/2026 06:06:10] [PING][trade=12] OK | user=hola socket=P6oyX42id3OpCUHmAAAH
[13/01/2026 06:20:39] [PING][trade=12] OK | user=hola socket=8HN0BjWS-4_zuW-HAAAH
[13/01/2026 06:23:16] [PING][trade=15] OK | user=hola socket=pOrx_ka04AsxLEidAAAH
[13/01/2026 06:24:17] [PING][trade=15] OK | user=hola socket=pOrx_ka04AsxLEidAAAH
[13/01/2026 06:30:45] [PING][trade=12] OK | user=hola socket=-ZVHVLRYUccxTLTJAAAH
[13/01/2026 06:30:45] [PING][trade=15] FAST | user=hola socket=1bKSKhFPFB1Rhk4DAAAN (50s)
[13/01/2026 06:31:35] [PING][trade=15] OK | user=hola socket=1bKSKhFPFB1Rhk4DAAAN
[13/01/2026 06:31:35] [PING][trade=12] FAST | user=hola socket=-ZVHVLRYUccxTLTJAAAH (50s)
[13/01/2026 06:32:25] [PING][trade=12] OK | user=hola socket=-ZVHVLRYUccxTLTJAAAH
[13/01/2026 06:32:25] [PING][trade=15] FAST | user=hola socket=1bKSKhFPFB1Rhk4DAAAN (50s)
[13/01/2026 06:33:40] [PING][trade=12] OK | user=hola socket=-ZVHVLRYUccxTLTJAAAH
[13/01/2026 06:33:40] [PING][trade=15] OK | user=hola socket=1bKSKhFPFB1Rhk4DAAAN
[13/01/2026 06:34:30] [PING][trade=12] FAST | user=hola socket=-ZVHVLRYUccxTLTJAAAH (50s)
[13/01/2026 06:34:30] [PING][trade=15] FAST | user=hola socket=1bKSKhFPFB1Rhk4DAAAN (50s)
[13/01/2026 06:36:10] [PING][trade=12] OK | user=hola socket=-ZVHVLRYUccxTLTJAAAH
[13/01/2026 06:36:10] [PING][trade=15] OK | user=hola socket=1bKSKhFPFB1Rhk4DAAAN
[13/01/2026 06:37:01] [PING][trade=12] FAST | user=hola socket=-ZVHVLRYUccxTLTJAAAH (50s)
[13/01/2026 06:37:01] [PING][trade=15] FAST | user=hola socket=1bKSKhFPFB1Rhk4DAAAN (50s)
[13/01/2026 06:38:16] [PING][trade=12] OK | user=hola socket=-ZVHVLRYUccxTLTJAAAH
[13/01/2026 06:38:16] [PING][trade=15] OK | user=hola socket=1bKSKhFPFB1Rhk4DAAAN
[13/01/2026 06:39:06] [PING][trade=12] FAST | user=hola socket=-ZVHVLRYUccxTLTJAAAH (50s)
[13/01/2026 06:39:06] [PING][trade=15] FAST | user=hola socket=1bKSKhFPFB1Rhk4DAAAN (50s)
[13/01/2026 06:39:56] [PING][trade=12] OK | user=hola socket=-ZVHVLRYUccxTLTJAAAH
[13/01/2026 06:39:56] [PING][trade=15] OK | user=hola socket=1bKSKhFPFB1Rhk4DAAAN
[13/01/2026 06:41:11] [PING][trade=12] OK | user=hola socket=-ZVHVLRYUccxTLTJAAAH
[13/01/2026 06:41:11] [PING][trade=15] OK | user=hola socket=1bKSKhFPFB1Rhk4DAAAN
[13/01/2026 06:42:01] [PING][trade=12] FAST | user=hola socket=-ZVHVLRYUccxTLTJAAAH (50s)
[13/01/2026 06:42:01] [PING][trade=15] FAST | user=hola socket=1bKSKhFPFB1Rhk4DAAAN (50s)
[13/01/2026 06:43:16] [PING][trade=15] OK | user=hola socket=1bKSKhFPFB1Rhk4DAAAN
[13/01/2026 06:43:16] [PING][trade=12] OK | user=hola socket=-ZVHVLRYUccxTLTJAAAH
[13/01/2026 06:43:46] [PING][trade=12] FAST | user=hola socket=OXfKGT2K-e1GXOxcAAAM (19s)
[13/01/2026 06:43:52] [PING][trade=15] FAST | user=hola socket=jDqiQygmetWzcps0AAAL (25s)
[13/01/2026 06:44:25] [PING][trade=12] FAST | user=hola socket=MMwrqEHjc1iU_WH2AAAD (20s)
[13/01/2026 06:44:25] [PING][trade=15] FAST | user=hola socket=-kUdvnQ1q1GI4fvNAAAB (21s)
[13/01/2026 06:45:54] [PING][trade=12] OK | user=hola socket=MMwrqEHjc1iU_WH2AAAD
[13/01/2026 06:45:56] [PING][trade=15] OK | user=hola socket=-kUdvnQ1q1GI4fvNAAAB
[13/01/2026 06:46:52] [PING][trade=12] OK | user=hola socket=MMwrqEHjc1iU_WH2AAAD
[13/01/2026 06:46:52] [PING][trade=15] OK | user=hola socket=-kUdvnQ1q1GI4fvNAAAB
[13/01/2026 06:47:52] [PING][trade=12] OK | user=hola socket=MMwrqEHjc1iU_WH2AAAD
[13/01/2026 06:47:52] [PING][trade=15] OK | user=hola socket=-kUdvnQ1q1GI4fvNAAAB
[13/01/2026 06:48:52] [PING][trade=12] OK | user=hola socket=MMwrqEHjc1iU_WH2AAAD
[13/01/2026 06:48:52] [PING][trade=15] OK | user=hola socket=-kUdvnQ1q1GI4fvNAAAB
[13/01/2026 06:49:52] [PING][trade=12] OK | user=hola socket=MMwrqEHjc1iU_WH2AAAD
[13/01/2026 06:49:52] [PING][trade=15] OK | user=hola socket=-kUdvnQ1q1GI4fvNAAAB
[13/01/2026 06:50:52] [PING][trade=12] OK | user=hola socket=MMwrqEHjc1iU_WH2AAAD
[13/01/2026 06:50:52] [PING][trade=15] OK | user=hola socket=-kUdvnQ1q1GI4fvNAAAB
[13/01/2026 06:51:52] [PING][trade=12] OK | user=hola socket=MMwrqEHjc1iU_WH2AAAD
[13/01/2026 06:51:52] [PING][trade=15] OK | user=hola socket=-kUdvnQ1q1GI4fvNAAAB
[13/01/2026 06:52:52] [PING][trade=12] OK | user=hola socket=MMwrqEHjc1iU_WH2AAAD
[13/01/2026 06:52:52] [PING][trade=15] OK | user=hola socket=-kUdvnQ1q1GI4fvNAAAB
[13/01/2026 06:53:40] [PING][trade=15] FAST | user=hola socket=-kUdvnQ1q1GI4fvNAAAB (47s)
[13/01/2026 06:53:52] [PING][trade=12] OK | user=hola socket=MMwrqEHjc1iU_WH2AAAD
[13/01/2026 06:54:25] [PING][trade=15] OK | user=hola socket=-kUdvnQ1q1GI4fvNAAAB
[13/01/2026 06:54:52] [PING][trade=12] OK | user=hola socket=MMwrqEHjc1iU_WH2AAAD
[13/01/2026 06:55:52] [PING][trade=12] OK | user=hola socket=MMwrqEHjc1iU_WH2AAAD
[13/01/2026 06:55:52] [PING][trade=15] OK | user=hola socket=-kUdvnQ1q1GI4fvNAAAB
[13/01/2026 06:56:52] [PING][trade=12] OK | user=hola socket=MMwrqEHjc1iU_WH2AAAD
[13/01/2026 06:56:52] [PING][trade=15] OK | user=hola socket=-kUdvnQ1q1GI4fvNAAAB
